../Core/Src/main.c:95:6:UART_Print	1
../Core/Src/main.c:111:6:HAL_GPIO_EXTI_Callback	12
../Core/Src/main.c:198:6:HAL_TIM_OC_DelayElapsedCallback	5
../Core/Src/main.c:224:6:HAL_UART_RxCpltCallback	6
../Core/Src/main.c:257:6:Process_UART_Command	11
../Core/Src/main.c:312:5:main	2
../Core/Src/main.c:388:6:SystemClock_Config	4
../Core/Src/main.c:443:13:MX_TIM2_Init	4
../Core/Src/main.c:488:13:MX_USART2_UART_Init	2
../Core/Src/main.c:521:13:MX_GPIO_Init	1
../Core/Src/main.c:598:13:MX_TIM3_Init	6
../Core/Src/main.c:645:6:Error_Handler	1
